Elenco pezzi: C:\Progetti\Lego2STL\6324712\6324712.csv
  Uso la libreria LDraw scaricata in precedenza (36896 file).
  18654        256 14.4 x 14.4 x 16 mm        chiusa
  32013        618 16 x 31.2 x 14.4 mm        chiusa
  11947        922 14.4 x 76.8 x 31.752 mm    chiusa
  6536         884 16 x 16 x 30.4 mm          20 spigoli aperti
  11946        922 14.4 x 76.8 x 31.752 mm    chiusa
  60483        556 14.4 x 30.4 x 16 mm        chiusa
  2412b        174 32 x 16 x 6.4 mm           chiusa
  62462        432 32 x 16 x 16 mm            chiusa
  32064a       592 32 x 16 x 22.4 mm          0 spigoli aperti
  44728        824 32 x 22.4 x 35.2 mm        0 spigoli aperti
  46834       1396 41.421 x 28.8 x 41.421 mm  chiusa
  87994         64 6.4 x 6.4 x 48 mm          chiusa
  14719        196 32 x 32 x 6.4 mm           chiusa
  32523       1160 14.4 x 46.4 x 16 mm        chiusa
  32184       1508 16 x 16 x 46.4 mm          40 spigoli aperti
  32449       1316 14.4 x 62.4 x 8 mm         chiusa
  32140       1908 30.4 x 62.4 x 16 mm        chiusa
  3710         476 64 x 16 x 9.6 mm           chiusa
  60208       3816 60.8 x 30.4 x 60.8 mm      4 spigoli aperti
  87079        428 64 x 32 x 6.4 mm           chiusa
  32316       2072 14.4 x 78.4 x 16 mm        chiusa
  32526       2976 46.4 x 78.4 x 16 mm        chiusa
  32063       2524 14.4 x 94.4 x 8 mm         chiusa
  32065       2976 14.4 x 110.4 x 8 mm        chiusa
  32524       2976 14.4 x 110.4 x 16 mm       chiusa
  24119       3520 31.2 x 112 x 47.2 mm       0 spigoli aperti
  6629        3571 52.728 x 123.128 x 16 mm   127 spigoli aperti
  3460         988 128 x 16 x 9.6 mm          chiusa
  4162         492 128 x 16 x 6.4 mm          chiusa
  40490       3880 14.4 x 142.4 x 16 mm       chiusa
  3035        4764 128 x 64 x 9.6 mm          chiusa
  32525       4784 14.4 x 174.4 x 16 mm       chiusa
  15458       6862 176 x 48 x 16 mm           24 spigoli aperti
  18944       1368 48 x 206.4 x 29.92 mm      chiusa
  41239       5688 14.4 x 206.4 x 16 mm       chiusa
  64782       7980 176 x 80 x 16 mm           chiusa
  18945       6046 176 x 79.2 x 16 mm         0 spigoli aperti
  39794      12920 112 x 176 x 16 mm          64 spigoli aperti
  32278       6592 14.4 x 238.4 x 16 mm       chiusa
  3703        7548 256 x 16 x 22.4 mm         chiusa
  6589        1348 25.6 x 8 x 25.6 mm         12 spigoli aperti
  32002        840 24 x 12.8 x 12.8 mm        chiusa
  3749         608 31.6 x 12.8 x 12.8 mm      chiusa
  18575       3360 43.2 x 16 x 43.2 mm        0 spigoli aperti
  32556a      1358 48 x 12.8 x 12.313 mm      chiusa
  99008        288 63.2 x 9.6 x 9.6 mm        chiusa
  20482        352 16 x 16 x 12.8 mm          chiusa
  3713         600 14.4 x 16 x 14.4 mm        chiusa
  32062        400 31.2 x 9.6 x 9.6 mm        chiusa
  14769        512 32.001 x 32.001 x 6.4 mm   chiusa
  3941         808 32.001 x 32.001 x 22.4 mm  chiusa
  18946       1744 34.832 x 16 x 34.832 mm    0 spigoli aperti
  49283        890 14.4 x 16 x 30.4 mm        24 spigoli aperti
  11214       1120 47.6 x 12.8 x 12.8 mm      0 spigoli aperti
  3706         176 95.2 x 9.6 x 9.6 mm        chiusa
  6636         364 96 x 16 x 6.4 mm           chiusa
  3666         732 96 x 16 x 9.6 mm           chiusa
  3737         176 159.2 x 9.6 x 9.6 mm       chiusa
  43093        960 31.6 x 12.8 x 12.8 mm      chiusa
  6558        3704 48 x 12.801 x 12.482 mm    0 spigoli aperti
  6141         288 16 x 16 x 9.6 mm           chiusa
  15100        866 31.2 x 14.4 x 16 mm        chiusa
  39793       3564 48 x 46.4 x 16 mm          chiusa
  32073        176 79.2 x 9.6 x 9.6 mm        chiusa
  60485        176 143.2 x 9.6 x 9.6 mm       chiusa
  48729b       410 16 x 6.402 x 30.643 mm     3 spigoli aperti
  32270       1432 27.2 x 16 x 27.2 mm        chiusa
  32126        966 15.2 x 31.2 x 14.4 mm      8 spigoli aperti
  2780        2552 32 x 12.801 x 12.482 mm    0 spigoli aperti
  32291       1216 30.4 x 16 x 30.4 mm        20 spigoli aperti
  3069b         44 32 x 16 x 6.4 mm           chiusa
  3023         220 32 x 16 x 9.6 mm           chiusa
  4349        1760 16 x 35.2 x 24 mm          chiusa
  3068b        182 32 x 32 x 6.4 mm           chiusa
  2817         964 32 x 32 x 19.2 mm          chiusa
  18651        960 47.6 x 12.8 x 12.8 mm      chiusa
  6553         858 16 x 14.4 x 46.8 mm        0 spigoli aperti
  3705         176 63.2 x 9.6 x 9.6 mm        chiusa
  99010       2972 58.883 x 58.883 x 31.2 mm  50 spigoli aperti
  87408       2146 14.4 x 48 x 47.202 mm      94 spigoli aperti
  32498       9480 75.2 x 16 x 75.2 mm        274 spigoli aperti
  3707         176 127.2 x 9.6 x 9.6 mm       chiusa
  18938       6520 122.797 x 122.797 x 32 mm  74 spigoli aperti
  24121       4030 174.4 x 174.4 x 16 mm      chiusa
  3708         176 191.2 x 9.6 x 9.6 mm       chiusa
  32034       1042 16 x 48.001 x 14.4 mm      40 spigoli aperti
  6587         312 50.8 x 12.8 x 12.8 mm      chiusa
  98138        256 16 x 16 x 6.4 mm           chiusa
  24316        184 47.6 x 12.8 x 12.8 mm      chiusa
  15462        184 79.6 x 12.8 x 12.8 mm      chiusa
  32123b       480 14.4 x 8 x 14.4 mm         chiusa
  87082       1476 48 x 14.4 x 16 mm          chiusa
  4274         548 19.2 x 12.8 x 12.8 mm      chiusa
  44809       1308 31.2 x 31.2 x 16 mm        6 spigoli aperti
  3673         840 32 x 12.8 x 12.8 mm        chiusa
  94925       1472 34.624 x 16 x 34.624 mm    chiusa
  22961        468 30.8 x 14.4 x 16 mm        chiusa
  87407       1064 41.599 x 16 x 41.599 mm    28 spigoli aperti
  42195        704 13.599 x 48 x 13.958 mm    chiusa
  60581        836 64 x 16 x 60.8 mm          chiusa
  32054       2948 48 x 14.4 x 14.4 mm        36 spigoli aperti
  92693       1930 48 x 95.202 x 16 mm        60 spigoli aperti
  22127      12695 144 x 142.4 x 80 mm        208 spigoli aperti
  22169       9327 48 x 128 x 62.4 mm         22 spigoli aperti
  22172      15096 80 x 128 x 78.4 mm         40 spigoli aperti
  42003       1522 16 x 16 x 46.4 mm          0 spigoli aperti
  2476a       1216 32 x 32 x 25.6 mm          chiusa
  4519         176 47.2 x 9.6 x 9.6 mm        chiusa
  4595        1696 22.4 x 48 x 17.6 mm        chiusa
  99009       1736 46.4 x 43.2 x 26.4 mm      20 spigoli aperti
  63869       1926 46.4 x 16 x 30.4 mm        0 spigoli aperti
  48989       3092 16 x 48 x 46.4 mm          0 spigoli aperti
  61903       2880 14.4 x 48 x 14.4 mm        0 spigoli aperti
  34103        444 48 x 16 x 9.6 mm           chiusa
  46372       4012 58.883 x 16 x 58.883 mm    0 spigoli aperti
  30374         64 6.4 x 6.4 x 64 mm          chiusa
  55615       3682 16 x 63.2 x 63.2 mm        chiusa
  11478       1768 14.4 x 78.4 x 8 mm         chiusa
  14720       3746 46.4 x 78.4 x 16 mm        chiusa
  3795        1436 96 x 32 x 9.6 mm           chiusa
  44294        176 111.2 x 9.6 x 9.6 mm       chiusa
  18939       3412 107.2 x 107.2 x 28 mm      8 spigoli aperti
  64179       8080 80 x 112 x 16 mm           0 spigoli aperti
  23948        176 175.2 x 9.6 x 9.6 mm       chiusa
  64178      10404 80 x 174.4 x 16 mm         32 spigoli aperti
  10928        608 19.888 x 16 x 19.888 mm    chiusa
  54200         80 16 x 16 x 12.48 mm         chiusa
  3070b         44 16 x 16 x 6.4 mm           chiusa
  6541         368 16 x 16 x 22.4 mm          chiusa
  4733         928 22.4 x 22.4 x 22.4 mm      chiusa
  99021        926 32 x 16 x 28 mm            chiusa
  41677        408 14.4 x 30.4 x 8 mm         chiusa
  32192       1042 16 x 45.906 x 29.106 mm    chiusa
  15535        576 32.001 x 32.001 x 6.4 mm   chiusa
  4032a        616 32.001 x 32.001 x 9.6 mm   chiusa
  46835       1306 38.295 x 29.6 x 38.295 mm  24 spigoli aperti
  6632         856 14.4 x 46.4 x 8 mm         chiusa
  18674        736 32.001 x 32.001 x 9.6 mm   chiusa
  10197        664 16 x 30.8 x 30.8 mm        chiusa
  32039       1100 16 x 31.2 x 14.4 mm        16 spigoli aperti
  59443        536 13.6 x 32 x 13.959 mm      chiusa
  2877         344 32 x 16 x 22.4 mm          chiusa
  41678       1186 32 x 31.2 x 16 mm          16 spigoli aperti
  32014       1164 16 x 31.2 x 31.2 mm        chiusa
  3004         220 32 x 16 x 22.4 mm          chiusa
  15573        252 32 x 16 x 9.6 mm           chiusa
  63864        172 48 x 16 x 6.4 mm           chiusa
  60484       2056 46.4 x 46.4 x 16 mm        0 spigoli aperti
  32056       1612 46.4 x 46.4 x 8 mm         chiusa
  46667       2736 46.335 x 48 x 46.4 mm      chiusa
  4185        2304 48 x 8 x 48 mm             chiusa
  87580        310 32 x 32 x 9.6 mm           chiusa
  3045         340 32 x 32 x 22.4 mm          chiusa
  3039         386 32 x 32 x 22.4 mm          chiusa
  27940        676 47.2 x 14.4 x 16 mm        chiusa
  3648b       2816 51.824 x 15.4 x 51.824 mm  0 spigoli aperti
  61904       3937 48 x 63.202 x 38.404 mm    108 spigoli aperti
  3038         676 48 x 32 x 22.4 mm          chiusa
  26603        300 48 x 32 x 6.4 mm           chiusa
  3021         668 48 x 32 x 9.6 mm           chiusa
  3002         668 48 x 32 x 22.4 mm          chiusa
  87083        184 63.6 x 12.8 x 12.8 mm      chiusa
  2431         236 64 x 16 x 6.4 mm           chiusa
  3701        1632 64 x 16 x 22.4 mm          chiusa
  3001         924 64 x 32 x 22.4 mm          chiusa
  88323       1689 76.8 x 35.84 x 16.8 mm     32 spigoli aperti
  59426        376 87.2 x 12.8 x 12.8 mm      chiusa
  3894        2628 96 x 16 x 22.4 mm          chiusa
  42529       6368 113.105 x 29.12 x 112.564 mm 28 spigoli aperti
  55013        184 127.6 x 12.8 x 12.8 mm     chiusa
  32009       4548 78.4 x 142.4 x 16 mm       chiusa
  46891       8116 304 x 184.846 x 192.239 mm 46 spigoli aperti
  3036        7580 128 x 96 x 9.6 mm          chiusa
  91988       3484 224 x 32 x 9.6 mm          chiusa
  25214        680 32 x 32 x 16 mm            0 spigoli aperti
Scritte 175 forme in C:\Progetti\Lego2STL\6324712\stl
4 pezzi non hanno prodotto nulla, quindi non sono su nessun piano. Gli altri sono stati sistemati come sempre e il resoconto elenca ciò che manca.
  46891 misura 304 x 184.8 mm e non entra in un piano da A1, quindi non è su nessun piano. La sua forma resta comunque disponibile da sistemare a mano.
  3703 misura 256 x 16 mm e non entra in un piano da A1, quindi non è su nessun piano. La sua forma resta comunque disponibile da sistemare a mano.
  3703 misura 256 x 16 mm e non entra in un piano da A1, quindi non è su nessun piano. La sua forma resta comunque disponibile da sistemare a mano.
Scritti 124 piani di stampa in C:\Progetti\Lego2STL\6324712\3mf
Resoconto:    C:\Progetti\Lego2STL\6324712\report.txt
